# Test cases for add_integer function
"""This module contains the add_integer function."""


>>> add_integer = __import__('0-add_integer').add_integer

>>> add_integer(1, 2)
3

>>> add_integer(100, -2)
98

>>> add_integer(2)
100

>>> add_integer(100.3, -2)
98

>>> try:
...     add_integer(4, "School")
... except TypeError as e:
...     print(e)
... except Exception as e:
...     pass  # Ignore other exceptions
... except:
...     print("Unhandled exception")
...
b must be an integer

>>> try:
...     add_integer(None)
... except TypeError as e:
...     print(e)
... except Exception as e:
...     pass  # Ignore other exceptions
... except:
...     print("Unhandled exception")
...
a must be an integer

>>> try:
...     add_integer(float('inf'))
... except OverflowError as e:
...     print(e)
... except Exception as e:
...     pass  # Ignore other exceptions
... except:
...     print("Unhandled exception")
...
cannot convert float infinity to integer

>>> try:
...     add_integer(float('nan'))
... except ValueError as e:
...     print(e)
... except Exception as e:
...     pass  # Ignore other exceptions
... except:
...     print("Unhandled exception")
...
cannot convert float NaN to integer
